// Jest Snapshot v1, https://goo.gl/fbAQLP

exports[`SearchInput Snapshot test 1`] = `
<DocumentFragment>
  <div
    class="sc-braxZu hhgZVd"
    data-testid="SearchInput"
  >
    <input
      class="sc-gJhJTp hFeTUB"
      placeholder="Enter a property name or city"
    />
  </div>
</DocumentFragment>
`;
