// Jest Snapshot v1, https://goo.gl/fbAQLP

exports[`PropertyCardSkeleton Snapshot test 1`] = `
<DocumentFragment>
  <div
    class="sc-braxZu gblkLp"
    data-testid="PropertyCardSkeleton"
  >
    <div
      class="sc-gJhJTp hEybUI"
    >
      <div
        class="sc-fQpRED eKGiQ"
        data-testid="Skeleton"
      />
    </div>
    <div
      class="sc-elDIKY biXTKv"
    >
      <div
        class="sc-fQpRED eKGiQ"
        data-testid="Skeleton"
      />
      <div
        class="sc-fQpRED leCQl"
        data-testid="Skeleton"
        width="80%"
      />
      <div
        class="sc-fQpRED gBrIUN"
        data-testid="Skeleton"
        width="40%"
      />
    </div>
  </div>
</DocumentFragment>
`;
